exports[`test generates simple workbook object 1`] = `
Object {
  "Props": Object {
    "Author": "react-xlsx",
    "Title": "generated by react-xlsx"
  },
  "SheetNames": Array [
    "woooo",
    "hoooo"
  ],
  "Sheets": Object {
    "hoooo": Object {
      "!merges": Array [],
      "!ref": "C2:C9",
      "C2": Object {
        "s": Object {
          "font": Object {
            "bold": true
          }
        },
        "t": "s",
        "v": "I am bold"
      },
      "C9": Object {
        "s": Object {},
        "t": "s",
        "v": "plain string"
      }
    },
    "woooo": Object {
      "!merges": Array [
        Object {
          "e": Object {
            "c": 2,
            "r": 5
          },
          "s": Object {
            "c": 1,
            "r": 0
          }
        }
      ],
      "!ref": "B1",
      "B1": Object {
        "s": Object {},
        "t": "s",
        "v": "nested"
      }
    }
  }
}
`;

exports[`test generates simple workbook object 2`] = `
Object {
  "blobsize": 15266
}
`;
